// Jest Snapshot v1, https://goo.gl/fbAQLP

exports[`Gift Component renders correctly 1`] = `ShallowWrapper {}`;
